2026-04-02 12:50:14.580 [snake.server.MainServer.main()] INFO  snake.util.Logger - Loaded config from config.properties
2026-04-02 12:50:14.588 [snake.server.MainServer.main()] INFO  snake.util.Logger - Gateway process started on port 19000
2026-04-02 12:50:15.102 [snake.server.MainServer.main()] INFO  snake.util.Logger - MainServer listening on port 12345
2026-04-02 12:50:15.852 [Thread-3] INFO  snake.util.Logger - Loaded config from config.properties
2026-04-02 12:50:15.853 [snake.gateway.Gateway.main()] INFO  snake.util.Logger - Gateway listening on port 19000
2026-04-02 12:50:15.855 [Thread-3] INFO  snake.util.Logger - Gateway admin server listening on port 19004
2026-04-02 12:50:15.855 [Thread-4] INFO  snake.util.Logger - Gateway query server listening on port 19003
2026-04-02 12:52:31.915 [snake.server.MainServer.main()] INFO  snake.util.Logger - Client disconnected: /127.0.0.1:39800
2026-04-02 12:52:31.940 [gateway-worker-98] INFO  snake.util.Logger - [Gateway] Client identified: wmh
2026-04-02 12:52:35.696 [gateway-worker-100] INFO  snake.util.Logger - Room 1 created.
2026-04-02 12:52:35.696 [pool-2-thread-1] INFO  snake.util.Logger - Room 1 started.
2026-04-02 12:52:35.698 [pool-2-thread-1] INFO  snake.util.Logger - Player wmh joined room 1
2026-04-02 12:53:05.722 [pool-2-thread-1] INFO  snake.util.Logger - Room 1 idle timeout, stopping.
2026-04-02 12:53:05.921 [pool-2-thread-1] INFO  snake.util.Logger - Room 1 destroyed.
2026-04-02 12:53:05.921 [pool-2-thread-1] INFO  snake.util.Logger - Room 1 removed from manager.
2026-04-02 12:53:35.721 [heartbeat-timer] WARN  snake.util.Logger - [Gateway] Client wmh heartbeat timeout
2026-04-02 12:53:37.851 [snake.server.MainServer.main()] INFO  snake.util.Logger - Client disconnected: /127.0.0.1:52946
2026-04-02 12:54:33.762 [snake.server.MainServer.main()] INFO  snake.util.Logger - Loaded config from config.properties
2026-04-02 12:54:33.770 [snake.server.MainServer.main()] INFO  snake.util.Logger - Gateway process started on port 19000
2026-04-02 12:54:34.275 [snake.server.MainServer.main()] INFO  snake.util.Logger - MainServer listening on port 12345
2026-04-02 12:54:34.975 [Thread-3] INFO  snake.util.Logger - Loaded config from config.properties
2026-04-02 12:54:34.977 [Thread-3] INFO  snake.util.Logger - Gateway admin server listening on port 19004
2026-04-02 12:54:34.977 [snake.gateway.Gateway.main()] INFO  snake.util.Logger - Gateway listening on port 19000
2026-04-02 12:54:34.977 [Thread-4] INFO  snake.util.Logger - Gateway query server listening on port 19003
2026-04-02 12:54:43.630 [snake.server.MainServer.main()] INFO  snake.util.Logger - Client disconnected: /127.0.0.1:56742
2026-04-02 12:54:43.652 [gateway-worker-98] INFO  snake.util.Logger - [Gateway] Client identified: wmh
2026-04-02 12:54:47.122 [gateway-worker-100] INFO  snake.util.Logger - Room 1 created.
2026-04-02 12:54:47.123 [pool-2-thread-1] INFO  snake.util.Logger - Room 1 started.
2026-04-02 12:54:47.125 [pool-2-thread-1] INFO  snake.util.Logger - Player wmh joined room 1
2026-04-02 12:54:47.536 [Thread-3] INFO  snake.util.Logger - Loaded config from config.properties
2026-04-02 12:54:54.976 [snake.server.MainServer.main()] INFO  snake.util.Logger - Client disconnected: /127.0.0.1:41546
2026-04-02 12:54:54.977 [snake.gateway.Gateway.main()] INFO  snake.util.Logger - Client disconnected: /127.0.0.1:33736
2026-04-02 12:54:54.979 [snake.gateway.Gateway.main()] WARN  snake.util.Logger - IOException in handleRead for unknown: null
2026-04-02 12:55:18.751 [pool-2-thread-1] INFO  snake.util.Logger - Room 1 idle timeout, stopping.
2026-04-02 12:55:18.950 [pool-2-thread-1] INFO  snake.util.Logger - Room 1 destroyed.
2026-04-02 12:55:18.950 [pool-2-thread-1] INFO  snake.util.Logger - Room 1 removed from manager.
2026-04-02 12:56:55.936 [snake.server.MainServer.main()] INFO  snake.util.Logger - Loaded config from config.properties
2026-04-02 12:56:55.944 [snake.server.MainServer.main()] INFO  snake.util.Logger - Gateway process started on port 19000
2026-04-02 12:56:56.451 [snake.server.MainServer.main()] INFO  snake.util.Logger - MainServer listening on port 12345
2026-04-02 12:56:57.105 [Thread-3] INFO  snake.util.Logger - Loaded config from config.properties
2026-04-02 12:56:57.107 [Thread-3] INFO  snake.util.Logger - Gateway admin server listening on port 19004
2026-04-02 12:56:57.107 [snake.gateway.Gateway.main()] INFO  snake.util.Logger - Gateway listening on port 19000
2026-04-02 12:56:57.107 [Thread-4] INFO  snake.util.Logger - Gateway query server listening on port 19003
2026-04-02 12:57:05.463 [snake.server.MainServer.main()] INFO  snake.util.Logger - Client disconnected: /127.0.0.1:38718
2026-04-02 12:57:05.484 [gateway-worker-98] INFO  snake.util.Logger - [Gateway] Client identified: wmh
2026-04-02 12:57:08.802 [gateway-worker-100] INFO  snake.util.Logger - Room 1 created.
2026-04-02 12:57:08.802 [pool-2-thread-1] INFO  snake.util.Logger - Room 1 started.
2026-04-02 12:57:08.804 [pool-2-thread-1] INFO  snake.util.Logger - Player wmh joined room 1
2026-04-02 12:57:09.208 [Thread-3] INFO  snake.util.Logger - Loaded config from config.properties
2026-04-02 12:57:30.115 [snake.server.MainServer.main()] INFO  snake.util.Logger - Client disconnected: /127.0.0.1:45002
2026-04-02 12:57:30.116 [snake.gateway.Gateway.main()] INFO  snake.util.Logger - Client disconnected: /127.0.0.1:42594
2026-04-02 12:57:30.117 [snake.gateway.Gateway.main()] WARN  snake.util.Logger - IOException in handleRead for unknown: null
2026-04-02 12:57:39.226 [pool-2-thread-1] INFO  snake.util.Logger - Room 1 idle timeout, stopping.
2026-04-02 12:57:39.427 [pool-2-thread-1] INFO  snake.util.Logger - Room 1 destroyed.
2026-04-02 12:57:39.427 [pool-2-thread-1] INFO  snake.util.Logger - Room 1 removed from manager.
2026-04-02 12:58:51.495 [snake.server.MainServer.main()] INFO  snake.util.Logger - Loaded config from config.properties
2026-04-02 12:58:51.502 [snake.server.MainServer.main()] INFO  snake.util.Logger - Gateway process started on port 19000
2026-04-02 12:58:52.006 [snake.server.MainServer.main()] INFO  snake.util.Logger - MainServer listening on port 12345
2026-04-02 12:58:52.678 [snake.gateway.Gateway.main()] INFO  snake.util.Logger - Gateway listening on port 19000
2026-04-02 12:58:52.676 [Thread-3] INFO  snake.util.Logger - Loaded config from config.properties
2026-04-02 12:58:52.679 [Thread-3] INFO  snake.util.Logger - Gateway admin server listening on port 19004
2026-04-02 12:58:52.680 [Thread-4] INFO  snake.util.Logger - Gateway query server listening on port 19003
2026-04-02 12:58:59.283 [snake.server.MainServer.main()] INFO  snake.util.Logger - Client disconnected: /127.0.0.1:34814
2026-04-02 12:58:59.303 [gateway-worker-98] INFO  snake.util.Logger - [Gateway] Client identified: wmh
2026-04-02 12:59:02.650 [gateway-worker-100] INFO  snake.util.Logger - Room 1 created.
2026-04-02 12:59:02.650 [pool-2-thread-1] INFO  snake.util.Logger - Room 1 started.
2026-04-02 12:59:02.653 [pool-2-thread-1] INFO  snake.util.Logger - Player wmh joined room 1
2026-04-02 12:59:03.079 [Thread-3] INFO  snake.util.Logger - Loaded config from config.properties
2026-04-02 12:59:20.750 [snake.server.MainServer.main()] INFO  snake.util.Logger - Client disconnected: /127.0.0.1:38476
2026-04-02 12:59:20.751 [snake.gateway.Gateway.main()] INFO  snake.util.Logger - Client disconnected: /127.0.0.1:50960
2026-04-02 12:59:20.752 [snake.gateway.Gateway.main()] WARN  snake.util.Logger - IOException in handleRead for unknown: null
2026-04-02 12:59:35.081 [pool-2-thread-1] INFO  snake.util.Logger - Room 1 idle timeout, stopping.
2026-04-02 12:59:35.280 [pool-2-thread-1] INFO  snake.util.Logger - Room 1 destroyed.
2026-04-02 12:59:35.280 [pool-2-thread-1] INFO  snake.util.Logger - Room 1 removed from manager.
2026-04-02 13:02:17.959 [snake.server.MainServer.main()] INFO  snake.util.Logger - Loaded config from config.properties
2026-04-02 13:02:17.968 [snake.server.MainServer.main()] INFO  snake.util.Logger - Gateway process started on port 19000
2026-04-02 13:02:18.474 [snake.server.MainServer.main()] INFO  snake.util.Logger - MainServer listening on port 12345
2026-04-02 13:02:19.166 [Thread-3] INFO  snake.util.Logger - Loaded config from config.properties
2026-04-02 13:02:19.169 [Thread-3] INFO  snake.util.Logger - Gateway admin server listening on port 19004
2026-04-02 13:02:19.169 [Thread-4] INFO  snake.util.Logger - Gateway query server listening on port 19003
2026-04-02 13:02:19.169 [snake.gateway.Gateway.main()] INFO  snake.util.Logger - Gateway listening on port 19000
2026-04-02 13:02:29.410 [snake.server.MainServer.main()] INFO  snake.util.Logger - Client disconnected: /127.0.0.1:48924
2026-04-02 13:02:29.434 [gateway-worker-98] INFO  snake.util.Logger - [Gateway] Client identified: wmh
2026-04-02 13:02:32.796 [pool-2-thread-1] INFO  snake.util.Logger - Room 4 started.
2026-04-02 13:02:32.795 [gateway-worker-100] INFO  snake.util.Logger - Room 4 created.
2026-04-02 13:02:32.798 [pool-2-thread-1] INFO  snake.util.Logger - Player wmh joined room 4
2026-04-02 13:02:33.228 [Thread-3] INFO  snake.util.Logger - Loaded config from config.properties
2026-04-02 13:02:55.992 [snake.server.MainServer.main()] INFO  snake.util.Logger - Client disconnected: /127.0.0.1:35520
2026-04-02 13:02:55.993 [snake.gateway.Gateway.main()] INFO  snake.util.Logger - Client disconnected: /127.0.0.1:35870
2026-04-02 13:02:55.994 [snake.gateway.Gateway.main()] WARN  snake.util.Logger - IOException in handleRead for unknown: null
2026-04-02 13:08:02.687 [snake.server.MainServer.main()] INFO  snake.util.Logger - Loaded config from config.properties
2026-04-02 13:08:02.693 [snake.server.MainServer.main()] INFO  snake.util.Logger - Gateway process started on port 19000
2026-04-02 13:08:12.002 [snake.server.MainServer.main()] INFO  snake.util.Logger - Loaded config from config.properties
2026-04-02 13:08:12.008 [snake.server.MainServer.main()] INFO  snake.util.Logger - Gateway process started on port 19000
2026-04-02 13:08:12.513 [snake.server.MainServer.main()] INFO  snake.util.Logger - MainServer listening on port 12345
2026-04-02 13:08:13.171 [Thread-3] INFO  snake.util.Logger - Loaded config from config.properties
2026-04-02 13:08:13.173 [Thread-3] INFO  snake.util.Logger - Gateway admin server listening on port 19004
2026-04-02 13:08:13.173 [snake.gateway.Gateway.main()] INFO  snake.util.Logger - Gateway listening on port 19000
2026-04-02 13:08:13.174 [Thread-4] INFO  snake.util.Logger - Gateway query server listening on port 19003
2026-04-02 13:08:21.493 [snake.server.MainServer.main()] INFO  snake.util.Logger - Client disconnected: /127.0.0.1:55648
2026-04-02 13:08:21.513 [gateway-worker-98] INFO  snake.util.Logger - [Gateway] Client identified: wmh
2026-04-02 13:08:25.110 [gateway-worker-100] INFO  snake.util.Logger - Room 1 created.
2026-04-02 13:08:25.110 [pool-2-thread-1] INFO  snake.util.Logger - Room 1 started.
2026-04-02 13:08:25.113 [pool-2-thread-1] INFO  snake.util.Logger - Player wmh joined room 1
2026-04-02 13:08:25.539 [Thread-3] INFO  snake.util.Logger - Loaded config from config.properties
2026-04-02 13:08:56.741 [pool-2-thread-1] INFO  snake.util.Logger - Room 1 idle timeout, stopping.
2026-04-02 13:08:56.942 [pool-2-thread-1] INFO  snake.util.Logger - Room 1 destroyed.
2026-04-02 13:08:56.942 [pool-2-thread-1] INFO  snake.util.Logger - Room 1 removed from manager.
2026-04-02 13:08:58.531 [pool-2-thread-2] INFO  snake.util.Logger - Room 1 started.
2026-04-02 13:08:58.531 [gateway-worker-124] INFO  snake.util.Logger - Room 1 created.
2026-04-02 13:08:58.532 [pool-2-thread-2] INFO  snake.util.Logger - Player wmh joined room 1
2026-04-02 13:09:04.303 [gateway-worker-127] INFO  snake.util.Logger - Room 2 created.
2026-04-02 13:09:04.303 [pool-2-thread-3] INFO  snake.util.Logger - Room 2 started.
2026-04-02 13:09:04.305 [pool-2-thread-3] INFO  snake.util.Logger - Player wmh joined room 2
2026-04-02 13:09:28.958 [pool-2-thread-2] INFO  snake.util.Logger - Room 1 idle timeout, stopping.
2026-04-02 13:09:29.159 [pool-2-thread-2] INFO  snake.util.Logger - Room 1 destroyed.
2026-04-02 13:09:29.159 [pool-2-thread-2] INFO  snake.util.Logger - Room 1 removed from manager.
2026-04-02 13:09:35.332 [pool-2-thread-3] INFO  snake.util.Logger - Room 2 idle timeout, stopping.
2026-04-02 13:09:35.533 [pool-2-thread-3] INFO  snake.util.Logger - Room 2 destroyed.
2026-04-02 13:09:35.533 [pool-2-thread-3] INFO  snake.util.Logger - Room 2 removed from manager.
2026-04-02 13:09:47.685 [snake.server.MainServer.main()] INFO  snake.util.Logger - Client disconnected: /127.0.0.1:52258
2026-04-02 13:13:00.829 [snake.server.MainServer.main()] INFO  snake.util.Logger - Client disconnected: /127.0.0.1:42964
2026-04-02 13:13:00.833 [gateway-worker-132] INFO  snake.util.Logger - [Gateway] Client identified: wmh
2026-04-02 13:13:03.881 [gateway-worker-134] INFO  snake.util.Logger - Room 2 created.
2026-04-02 13:13:03.882 [pool-2-thread-4] INFO  snake.util.Logger - Room 2 started.
2026-04-02 13:13:03.883 [pool-2-thread-4] INFO  snake.util.Logger - Player wmh joined room 2
2026-04-02 13:13:04.289 [Thread-3] INFO  snake.util.Logger - Loaded config from config.properties
2026-04-02 13:13:13.383 [gateway-worker-143] WARN  snake.util.Logger - Room 2 already exists, creation skipped
2026-04-02 13:13:27.303 [gateway-worker-150] WARN  snake.util.Logger - Room 2 already exists, creation skipped
2026-04-02 13:13:33.459 [gateway-worker-151] INFO  snake.util.Logger - Room 3 created.
2026-04-02 13:13:33.459 [pool-2-thread-5] INFO  snake.util.Logger - Room 3 started.
2026-04-02 13:13:33.461 [pool-2-thread-5] INFO  snake.util.Logger - Player wmh joined room 3
2026-04-02 13:13:35.709 [pool-2-thread-4] INFO  snake.util.Logger - Room 2 idle timeout, stopping.
2026-04-02 13:13:35.908 [pool-2-thread-4] INFO  snake.util.Logger - Room 2 destroyed.
2026-04-02 13:13:35.908 [pool-2-thread-4] INFO  snake.util.Logger - Room 2 removed from manager.
2026-04-02 13:13:44.082 [gateway-worker-155] INFO  snake.util.Logger - Room 2 created.
2026-04-02 13:13:44.082 [pool-2-thread-6] INFO  snake.util.Logger - Room 2 started.
2026-04-02 13:13:44.083 [pool-2-thread-6] INFO  snake.util.Logger - Player wmh joined room 2
2026-04-02 13:13:51.845 [snake.server.MainServer.main()] INFO  snake.util.Logger - Client disconnected: /127.0.0.1:51084
2026-04-02 13:13:51.846 [snake.gateway.Gateway.main()] INFO  snake.util.Logger - Client disconnected: /127.0.0.1:48952
2026-04-02 13:13:51.846 [snake.gateway.Gateway.main()] WARN  snake.util.Logger - IOException in handleRead for unknown: null
2026-04-02 13:14:04.493 [pool-2-thread-5] INFO  snake.util.Logger - Room 3 idle timeout, stopping.
2026-04-02 13:14:04.693 [pool-2-thread-5] INFO  snake.util.Logger - Room 3 destroyed.
2026-04-02 13:14:04.693 [pool-2-thread-5] INFO  snake.util.Logger - Room 3 removed from manager.
2026-04-02 13:14:18.313 [pool-2-thread-6] INFO  snake.util.Logger - Room 2 idle timeout, stopping.
2026-04-02 13:14:18.514 [pool-2-thread-6] INFO  snake.util.Logger - Room 2 destroyed.
2026-04-02 13:14:18.514 [pool-2-thread-6] INFO  snake.util.Logger - Room 2 removed from manager.
2026-04-02 13:19:28.737 [snake.server.MainServer.main()] INFO  snake.util.Logger - Loaded config from config.properties
2026-04-02 13:19:28.745 [snake.server.MainServer.main()] INFO  snake.util.Logger - Gateway process started on port 19000
2026-04-02 13:19:29.251 [snake.server.MainServer.main()] INFO  snake.util.Logger - MainServer listening on port 12345
2026-04-02 13:19:29.892 [Thread-2] INFO  snake.util.Logger - Loaded config from config.properties
2026-04-02 13:19:29.895 [Thread-2] INFO  snake.util.Logger - Gateway admin server listening on port 19004
2026-04-02 13:19:29.895 [Thread-3] INFO  snake.util.Logger - Gateway query server listening on port 19003
2026-04-02 13:19:29.896 [snake.gateway.Gateway.main()] INFO  snake.util.Logger - Gateway listening on port 19000
2026-04-02 13:19:38.682 [snake.gateway.Gateway.main()] INFO  snake.util.Logger - [Gateway] Client identified: wmh
2026-04-02 13:19:41.647 [snake.gateway.Gateway.main()] INFO  snake.util.Logger - Room 1 created.
2026-04-02 13:19:41.648 [pool-1-thread-1] INFO  snake.util.Logger - Room 1 started.
2026-04-02 13:19:41.851 [pool-1-thread-1] INFO  snake.util.Logger - Player wmh joined room 1
2026-04-02 13:19:42.078 [Thread-3] INFO  snake.util.Logger - Loaded config from config.properties
2026-04-02 13:19:53.859 [pool-1-thread-1] INFO  snake.util.Logger - Player wmh joined room 1
2026-04-02 13:20:26.892 [pool-1-thread-1] INFO  snake.util.Logger - Room 1 idle timeout, stopping.
2026-04-02 13:20:27.093 [pool-1-thread-1] INFO  snake.util.Logger - Room 1 destroyed.
2026-04-02 13:20:27.093 [pool-1-thread-1] INFO  snake.util.Logger - Room 1 removed from manager.
2026-04-02 13:20:46.402 [snake.gateway.Gateway.main()] INFO  snake.util.Logger - [Gateway] Client identified: hwc
2026-04-02 13:20:49.908 [snake.gateway.Gateway.main()] INFO  snake.util.Logger - Room 1 created.
2026-04-02 13:20:49.908 [pool-1-thread-2] INFO  snake.util.Logger - Room 1 started.
2026-04-02 13:20:49.909 [pool-1-thread-2] INFO  snake.util.Logger - Player wmh joined room 1
2026-04-02 13:21:12.724 [pool-1-thread-2] INFO  snake.util.Logger - Player wmh joined room 1
2026-04-02 13:21:34.207 [snake.gateway.Gateway.main()] INFO  snake.util.Logger - [Gateway] Client identified: wmh
2026-04-02 13:21:37.577 [snake.gateway.Gateway.main()] INFO  snake.util.Logger - Room 2 created.
2026-04-02 13:21:37.577 [pool-1-thread-3] INFO  snake.util.Logger - Room 2 started.
2026-04-02 13:21:37.778 [pool-1-thread-3] INFO  snake.util.Logger - Player wmh joined room 2
2026-04-02 13:21:37.989 [Thread-3] INFO  snake.util.Logger - Loaded config from config.properties
2026-04-02 13:21:43.952 [pool-1-thread-2] INFO  snake.util.Logger - Room 1 idle timeout, stopping.
2026-04-02 13:21:44.151 [pool-1-thread-2] INFO  snake.util.Logger - Room 1 destroyed.
2026-04-02 13:21:44.151 [pool-1-thread-2] INFO  snake.util.Logger - Room 1 removed from manager.
2026-04-02 13:22:51.352 [Thread-3] INFO  snake.util.Logger - Loaded config from config.properties
2026-04-02 13:51:53.420 [snake.server.MainServer.main()] INFO  snake.util.Logger - Loaded config from config.properties
2026-04-02 13:51:53.427 [snake.server.MainServer.main()] INFO  snake.util.Logger - Gateway process started on port 19000
2026-04-02 13:51:53.933 [snake.server.MainServer.main()] INFO  snake.util.Logger - MainServer listening on port 12345
2026-04-02 13:51:54.584 [Thread-2] INFO  snake.util.Logger - Loaded config from config.properties
2026-04-02 13:51:54.587 [Thread-2] INFO  snake.util.Logger - Gateway admin server listening on port 19004
2026-04-02 13:51:54.587 [Thread-3] INFO  snake.util.Logger - Gateway query server listening on port 19003
2026-04-02 13:51:54.589 [snake.gateway.Gateway.main()] INFO  snake.util.Logger - Gateway listening on port 19000
2026-04-02 13:52:05.925 [snake.gateway.Gateway.main()] INFO  snake.util.Logger - [Gateway] Client identified: wmh
2026-04-02 13:52:09.321 [snake.gateway.Gateway.main()] INFO  snake.util.Logger - Room 1 created.
2026-04-02 13:52:09.321 [pool-1-thread-1] INFO  snake.util.Logger - Room 1 started.
2026-04-02 13:52:09.524 [pool-1-thread-1] INFO  snake.util.Logger - Player wmh joined room 1
2026-04-02 13:52:40.750 [pool-1-thread-1] INFO  snake.util.Logger - Room 1 idle timeout, stopping.
2026-04-02 13:52:40.951 [pool-1-thread-1] INFO  snake.util.Logger - Room 1 destroyed.
2026-04-02 13:52:40.951 [pool-1-thread-1] INFO  snake.util.Logger - Room 1 removed from manager.
2026-04-02 14:02:00.394 [snake.server.MainServer.main()] INFO  snake.util.Logger - Loaded config from config.properties
2026-04-02 14:02:00.402 [snake.server.MainServer.main()] INFO  snake.util.Logger - Gateway process started on port 19000
2026-04-02 14:02:00.909 [snake.server.MainServer.main()] INFO  snake.util.Logger - MainServer listening on port 12345
2026-04-02 14:02:01.636 [Thread-2] INFO  snake.util.Logger - Loaded config from config.properties
2026-04-02 14:02:01.642 [Thread-2] INFO  snake.util.Logger - Gateway admin server listening on port 19004
2026-04-02 14:02:01.642 [Thread-3] INFO  snake.util.Logger - Gateway query server listening on port 19003
2026-04-02 14:02:01.645 [snake.gateway.Gateway.main()] INFO  snake.util.Logger - Gateway listening on port 19000
2026-04-02 14:02:08.816 [gateway-worker-98] INFO  snake.util.Logger - [Gateway] Client identified: wmh
2026-04-02 14:02:13.544 [gateway-worker-100] INFO  snake.util.Logger - Room 1 created.
2026-04-02 14:02:13.544 [pool-1-thread-1] INFO  snake.util.Logger - Room 1 started.
2026-04-02 14:02:13.749 [pool-1-thread-1] INFO  snake.util.Logger - Player wmh joined room 1
2026-04-02 14:02:22.150 [pool-1-thread-1] INFO  snake.util.Logger - Player wmh joined room 1
2026-04-02 14:03:15.051 [snake.server.MainServer.main()] INFO  snake.util.Logger - Loaded config from config.properties
2026-04-02 14:03:15.060 [snake.server.MainServer.main()] INFO  snake.util.Logger - Gateway process started on port 19000
2026-04-02 14:03:15.566 [snake.server.MainServer.main()] INFO  snake.util.Logger - MainServer listening on port 12345
2026-04-02 14:03:16.216 [Thread-2] INFO  snake.util.Logger - Loaded config from config.properties
2026-04-02 14:03:16.220 [Thread-2] INFO  snake.util.Logger - Gateway admin server listening on port 19004
2026-04-02 14:03:16.220 [Thread-3] INFO  snake.util.Logger - Gateway query server listening on port 19003
2026-04-02 14:03:16.222 [snake.gateway.Gateway.main()] INFO  snake.util.Logger - Gateway listening on port 19000
2026-04-02 14:03:25.900 [gateway-worker-98] INFO  snake.util.Logger - [Gateway] Client identified: wmh
2026-04-02 14:03:29.487 [gateway-worker-100] INFO  snake.util.Logger - Room 1 created.
2026-04-02 14:03:29.488 [pool-1-thread-1] INFO  snake.util.Logger - Room 1 started.
2026-04-02 14:03:29.690 [pool-1-thread-1] INFO  snake.util.Logger - Player wmh joined room 1
2026-04-02 14:03:36.491 [pool-1-thread-1] INFO  snake.util.Logger - Player wmh joined room 1
2026-04-02 14:05:35.051 [snake.server.MainServer.main()] INFO  snake.util.Logger - Loaded config from config.properties
2026-04-02 14:05:35.060 [snake.server.MainServer.main()] INFO  snake.util.Logger - Gateway process started on port 19000
2026-04-02 14:05:35.565 [snake.server.MainServer.main()] INFO  snake.util.Logger - MainServer listening on port 12345
2026-04-02 14:05:36.209 [Thread-2] INFO  snake.util.Logger - Loaded config from config.properties
2026-04-02 14:05:36.212 [Thread-2] INFO  snake.util.Logger - Gateway admin server listening on port 19004
2026-04-02 14:05:36.212 [Thread-3] INFO  snake.util.Logger - Gateway query server listening on port 19003
2026-04-02 14:05:36.214 [snake.gateway.Gateway.main()] INFO  snake.util.Logger - Gateway listening on port 19000
2026-04-02 14:05:44.835 [snake.server.MainServer.main()] INFO  snake.util.Logger - Loaded config from config.properties
2026-04-02 14:05:44.842 [snake.server.MainServer.main()] INFO  snake.util.Logger - Gateway process started on port 19000
2026-04-02 14:05:45.348 [snake.server.MainServer.main()] INFO  snake.util.Logger - MainServer listening on port 12345
2026-04-02 14:05:46.070 [Thread-2] INFO  snake.util.Logger - Loaded config from config.properties
2026-04-02 14:05:46.074 [Thread-2] INFO  snake.util.Logger - Gateway admin server listening on port 19004
2026-04-02 14:05:46.074 [Thread-3] INFO  snake.util.Logger - Gateway query server listening on port 19003
2026-04-02 14:05:46.075 [snake.gateway.Gateway.main()] INFO  snake.util.Logger - Gateway listening on port 19000
2026-04-02 14:05:54.837 [gateway-worker-98] INFO  snake.util.Logger - [Gateway] Client identified: wmh
2026-04-02 14:05:58.443 [gateway-worker-100] INFO  snake.util.Logger - Room 1 created.
2026-04-02 14:05:58.443 [pool-1-thread-1] INFO  snake.util.Logger - Room 1 started.
2026-04-02 14:05:58.545 [gateway-worker-100] ERROR snake.util.Logger - Snapshot timeout for room 1
2026-04-02 14:05:58.645 [pool-1-thread-1] INFO  snake.util.Logger - Player wmh joined room 1
2026-04-02 14:05:58.746 [pool-1-thread-1] ERROR snake.util.Logger - Snapshot timeout for room 1
2026-04-02 14:06:01.146 [pool-1-thread-1] ERROR snake.util.Logger - Snapshot timeout for room 1
2026-04-02 14:07:47.714 [snake.server.MainServer.main()] INFO  snake.util.Logger - Loaded config from config.properties
2026-04-02 14:07:47.721 [snake.server.MainServer.main()] INFO  snake.util.Logger - Gateway process started on port 19000
2026-04-02 14:07:48.226 [snake.server.MainServer.main()] INFO  snake.util.Logger - MainServer listening on port 12345
2026-04-02 14:07:48.869 [Thread-2] INFO  snake.util.Logger - Loaded config from config.properties
2026-04-02 14:07:48.872 [Thread-2] INFO  snake.util.Logger - Gateway admin server listening on port 19004
2026-04-02 14:07:48.872 [Thread-3] INFO  snake.util.Logger - Gateway query server listening on port 19003
2026-04-02 14:07:48.873 [snake.gateway.Gateway.main()] INFO  snake.util.Logger - Gateway listening on port 19000
2026-04-02 14:08:04.083 [gateway-worker-98] INFO  snake.util.Logger - [Gateway] Client identified: wmh
2026-04-02 14:08:06.829 [gateway-worker-100] INFO  snake.util.Logger - Room 1 created.
2026-04-02 14:08:06.829 [pool-1-thread-1] INFO  snake.util.Logger - Room 1 started.
2026-04-02 14:08:07.033 [pool-1-thread-1] INFO  snake.util.Logger - Player wmh joined room 1
2026-04-02 14:08:13.432 [pool-1-thread-1] INFO  snake.util.Logger - Player wmh joined room 1
2026-04-02 14:08:32.122 [gateway-worker-109] INFO  snake.util.Logger - [Gateway] Client identified: wmh
2026-04-02 14:08:41.396 [gateway-worker-112] INFO  snake.util.Logger - Room 3 created.
2026-04-02 14:08:41.396 [pool-1-thread-2] INFO  snake.util.Logger - Room 3 started.
2026-04-02 14:08:41.597 [pool-1-thread-2] INFO  snake.util.Logger - Player wmh joined room 3
2026-04-02 14:08:41.858 [pool-1-thread-1] INFO  snake.util.Logger - Room 1 idle timeout, stopping.
2026-04-02 14:08:42.059 [pool-1-thread-1] INFO  snake.util.Logger - Room 1 destroyed.
2026-04-02 14:08:42.059 [pool-1-thread-1] INFO  snake.util.Logger - Room 1 removed from manager.
2026-04-02 14:08:48.403 [pool-1-thread-2] INFO  snake.util.Logger - Player wmh joined room 3
2026-04-02 14:08:50.406 [pool-1-thread-2] INFO  snake.util.Logger - Player wmh joined room 3
2026-04-02 14:08:53.806 [pool-1-thread-2] INFO  snake.util.Logger - Player wmh joined room 3
2026-04-02 14:08:56.112 [gateway-worker-121] WARN  snake.util.Logger - Room -1 not found
2026-04-02 14:09:23.829 [pool-1-thread-2] INFO  snake.util.Logger - Room 3 idle timeout, stopping.
2026-04-02 14:09:24.030 [pool-1-thread-2] INFO  snake.util.Logger - Room 3 destroyed.
2026-04-02 14:09:24.030 [pool-1-thread-2] INFO  snake.util.Logger - Room 3 removed from manager.
2026-04-02 14:20:02.256 [snake.server.MainServer.main()] INFO  snake.util.Logger - Loaded config from config.properties
2026-04-02 14:20:02.264 [snake.server.MainServer.main()] INFO  snake.util.Logger - Gateway process started on port 19000
2026-04-02 14:20:19.150 [snake.server.MainServer.main()] INFO  snake.util.Logger - Loaded config from config.properties
2026-04-02 14:20:19.157 [snake.server.MainServer.main()] INFO  snake.util.Logger - Gateway process started on port 19000
2026-04-02 14:20:19.661 [snake.server.MainServer.main()] INFO  snake.util.Logger - MainServer listening on port 12345
2026-04-02 14:20:20.315 [Thread-2] INFO  snake.util.Logger - Loaded config from config.properties
2026-04-02 14:20:20.319 [Thread-2] INFO  snake.util.Logger - Gateway admin server listening on port 19004
2026-04-02 14:20:20.319 [Thread-3] INFO  snake.util.Logger - Gateway query server listening on port 19003
2026-04-02 14:20:20.321 [snake.gateway.Gateway.main()] INFO  snake.util.Logger - Gateway listening on port 19000
2026-04-02 14:20:31.808 [gateway-worker-98] INFO  snake.util.Logger - [Gateway] Client identified: wmh
2026-04-02 14:20:34.514 [gateway-worker-100] INFO  snake.util.Logger - Room 1 created.
2026-04-02 14:20:34.514 [pool-1-thread-1] INFO  snake.util.Logger - Room 1 started.
2026-04-02 14:20:34.717 [pool-1-thread-1] INFO  snake.util.Logger - Player wmh joined room 1
2026-04-02 14:20:34.952 [Thread-3] INFO  snake.util.Logger - Loaded config from config.properties
2026-04-02 14:20:38.120 [pool-1-thread-1] INFO  snake.util.Logger - Player wmh joined room 1
2026-04-02 14:20:41.724 [pool-1-thread-1] INFO  snake.util.Logger - Player wmh joined room 1
2026-04-02 14:20:49.129 [pool-1-thread-1] INFO  snake.util.Logger - Player wmh joined room 1
2026-04-02 14:21:00.344 [pool-1-thread-1] INFO  snake.util.Logger - Player wmh joined room 1
2026-04-02 14:21:31.367 [pool-1-thread-1] INFO  snake.util.Logger - Room 1 idle timeout, stopping.
2026-04-02 14:21:31.568 [pool-1-thread-1] INFO  snake.util.Logger - Room 1 destroyed.
2026-04-02 14:21:31.568 [pool-1-thread-1] INFO  snake.util.Logger - Room 1 removed from manager.
2026-04-02 14:27:48.001 [snake.server.MainServer.main()] INFO  snake.util.Logger - Loaded config from config.properties
2026-04-02 14:27:48.010 [snake.server.MainServer.main()] INFO  snake.util.Logger - Gateway process started on port 19000
2026-04-02 14:27:48.517 [snake.server.MainServer.main()] INFO  snake.util.Logger - MainServer listening on port 12345
2026-04-02 14:27:49.240 [Thread-2] INFO  snake.util.Logger - Loaded config from config.properties
2026-04-02 14:27:49.244 [Thread-2] INFO  snake.util.Logger - Gateway admin server listening on port 19004
2026-04-02 14:27:49.244 [Thread-3] INFO  snake.util.Logger - Gateway query server listening on port 19003
2026-04-02 14:27:49.246 [snake.gateway.Gateway.main()] INFO  snake.util.Logger - Gateway listening on port 19000
2026-04-02 14:27:54.126 [gateway-worker-98] INFO  snake.util.Logger - [Gateway] Client identified: wmh
2026-04-02 14:27:58.555 [pool-1-thread-1] INFO  snake.util.Logger - Room 1 started.
2026-04-02 14:27:58.555 [gateway-worker-100] INFO  snake.util.Logger - Room 1 created.
2026-04-02 14:27:58.758 [pool-1-thread-1] INFO  snake.util.Logger - Player wmh joined room 1
2026-04-02 14:27:58.995 [Thread-3] INFO  snake.util.Logger - Loaded config from config.properties
2026-04-02 14:28:00.755 [pool-1-thread-1] INFO  snake.util.Logger - Player wmh joined room 1
2026-04-02 14:28:02.256 [gateway-worker-103] WARN  snake.util.Logger - Room -1 not found
2026-04-02 14:28:13.762 [pool-1-thread-1] INFO  snake.util.Logger - Player wmh joined room 1
2026-04-02 14:28:17.367 [pool-1-thread-1] INFO  snake.util.Logger - Player wmh joined room 1
2026-04-02 14:28:51.192 [pool-1-thread-1] INFO  snake.util.Logger - Room 1 idle timeout, stopping.
2026-04-02 14:28:51.392 [pool-1-thread-1] INFO  snake.util.Logger - Room 1 destroyed.
2026-04-02 14:28:51.393 [pool-1-thread-1] INFO  snake.util.Logger - Room 1 removed from manager.
2026-04-02 14:32:45.538 [snake.server.MainServer.main()] INFO  snake.util.Logger - Loaded config from config.properties
2026-04-02 14:32:45.547 [snake.server.MainServer.main()] INFO  snake.util.Logger - Gateway process started on port 19000
2026-04-02 14:32:46.054 [snake.server.MainServer.main()] INFO  snake.util.Logger - MainServer listening on port 12345
2026-04-02 14:32:46.778 [Thread-2] INFO  snake.util.Logger - Loaded config from config.properties
2026-04-02 14:32:46.783 [Thread-2] INFO  snake.util.Logger - Gateway admin server listening on port 19004
2026-04-02 14:32:46.783 [Thread-3] INFO  snake.util.Logger - Gateway query server listening on port 19003
2026-04-02 14:32:46.784 [snake.gateway.Gateway.main()] INFO  snake.util.Logger - Gateway listening on port 19000
2026-04-02 14:32:52.323 [gateway-worker-98] INFO  snake.util.Logger - [Gateway] Client identified: wmh
2026-04-02 14:32:56.076 [gateway-worker-100] INFO  snake.util.Logger - Room 1 created.
2026-04-02 14:32:56.076 [pool-1-thread-1] INFO  snake.util.Logger - Room 1 started.
2026-04-02 14:32:56.085 [pool-1-thread-1] INFO  snake.util.Logger - Player wmh joined room 1
2026-04-02 14:32:56.337 [Thread-3] INFO  snake.util.Logger - Loaded config from config.properties
2026-04-02 14:33:03.446 [pool-1-thread-1] INFO  snake.util.Logger - Player wmh joined room 1
2026-04-02 14:33:11.198 [pool-1-thread-1] INFO  snake.util.Logger - Player wmh joined room 1
2026-04-02 14:33:42.162 [pool-1-thread-1] INFO  snake.util.Logger - Room 1 idle timeout, stopping.
2026-04-02 14:33:42.162 [pool-1-thread-1] INFO  snake.util.Logger - Room 1 destroyed.
2026-04-02 14:33:42.163 [pool-1-thread-1] INFO  snake.util.Logger - Room 1 removed from manager.
2026-04-02 14:37:51.069 [snake.server.MainServer.main()] INFO  snake.util.Logger - Loaded config from config.properties
2026-04-02 14:37:51.078 [snake.server.MainServer.main()] INFO  snake.util.Logger - Gateway process started on port 19000
2026-04-02 14:37:51.584 [snake.server.MainServer.main()] INFO  snake.util.Logger - MainServer listening on port 12345
2026-04-02 14:37:52.276 [Thread-2] INFO  snake.util.Logger - Loaded config from config.properties
2026-04-02 14:37:52.281 [Thread-2] INFO  snake.util.Logger - Gateway admin server listening on port 19004
2026-04-02 14:37:52.282 [Thread-3] INFO  snake.util.Logger - Gateway query server listening on port 19003
2026-04-02 14:37:52.283 [snake.gateway.Gateway.main()] INFO  snake.util.Logger - Gateway listening on port 19000
2026-04-02 14:38:01.011 [gateway-worker-98] INFO  snake.util.Logger - [Gateway] Client identified: wmh
2026-04-02 14:38:04.205 [gateway-worker-100] INFO  snake.util.Logger - Room 1 created.
2026-04-02 14:38:04.205 [pool-1-thread-1] INFO  snake.util.Logger - Room 1 started.
2026-04-02 14:38:04.213 [pool-1-thread-1] INFO  snake.util.Logger - Player wmh joined room 1
2026-04-02 14:38:04.464 [Thread-3] INFO  snake.util.Logger - Loaded config from config.properties
2026-04-02 14:38:06.497 [pool-1-thread-1] INFO  snake.util.Logger - Player wmh joined room 1
2026-04-02 14:38:13.620 [pool-1-thread-1] INFO  snake.util.Logger - Player wmh joined room 1
2026-04-02 14:38:44.480 [pool-1-thread-1] INFO  snake.util.Logger - Room 1 idle timeout, stopping.
2026-04-02 14:38:44.480 [pool-1-thread-1] INFO  snake.util.Logger - Room 1 destroyed.
2026-04-02 14:38:44.480 [pool-1-thread-1] INFO  snake.util.Logger - Room 1 removed from manager.
2026-04-02 14:41:47.116 [snake.server.MainServer.main()] INFO  snake.util.Logger - Loaded config from config.properties
2026-04-02 14:41:47.125 [snake.server.MainServer.main()] INFO  snake.util.Logger - Gateway process started on port 19000
2026-04-02 14:41:47.632 [snake.server.MainServer.main()] INFO  snake.util.Logger - MainServer listening on port 12345
2026-04-02 14:41:48.311 [Thread-2] INFO  snake.util.Logger - Loaded config from config.properties
2026-04-02 14:41:48.315 [Thread-2] INFO  snake.util.Logger - Gateway admin server listening on port 19004
2026-04-02 14:41:48.316 [Thread-3] INFO  snake.util.Logger - Gateway query server listening on port 19003
2026-04-02 14:41:48.317 [snake.gateway.Gateway.main()] INFO  snake.util.Logger - Gateway listening on port 19000
2026-04-02 14:41:57.503 [gateway-worker-98] INFO  snake.util.Logger - [Gateway] Client identified: wmh
2026-04-02 14:42:00.584 [gateway-worker-100] INFO  snake.util.Logger - Room 1 created.
2026-04-02 14:42:00.584 [pool-1-thread-1] INFO  snake.util.Logger - Room 1 started.
2026-04-02 14:42:00.592 [pool-1-thread-1] INFO  snake.util.Logger - Player wmh joined room 1
2026-04-02 14:42:00.873 [Thread-3] INFO  snake.util.Logger - Loaded config from config.properties
2026-04-02 14:42:05.041 [pool-1-thread-1] INFO  snake.util.Logger - Player wmh joined room 1
2026-04-02 14:42:13.147 [pool-1-thread-1] INFO  snake.util.Logger - Player wmh joined room 1
2026-04-02 14:42:35.047 [pool-1-thread-1] INFO  snake.util.Logger - Room 1 idle timeout, stopping.
2026-04-02 14:42:35.047 [pool-1-thread-1] INFO  snake.util.Logger - Room 1 destroyed.
2026-04-02 14:42:35.047 [pool-1-thread-1] INFO  snake.util.Logger - Room 1 removed from manager.
2026-04-02 14:42:42.059 [gateway-worker-109] INFO  snake.util.Logger - [Gateway] Client identified: wmh
2026-04-02 14:42:46.294 [gateway-worker-111] INFO  snake.util.Logger - Room 2 created.
2026-04-02 14:42:46.294 [pool-1-thread-2] INFO  snake.util.Logger - Room 2 started.
2026-04-02 14:42:46.295 [pool-1-thread-2] INFO  snake.util.Logger - Player wmh joined room 2
2026-04-02 14:43:03.214 [pool-1-thread-2] INFO  snake.util.Logger - Player wmh joined room 2
2026-04-02 14:43:38.778 [pool-1-thread-2] INFO  snake.util.Logger - Room 2 idle timeout, stopping.
2026-04-02 14:43:38.778 [pool-1-thread-2] INFO  snake.util.Logger - Room 2 destroyed.
2026-04-02 14:43:38.778 [pool-1-thread-2] INFO  snake.util.Logger - Room 2 removed from manager.
2026-04-02 14:48:54.394 [snake.server.MainServer.main()] INFO  snake.util.Logger - Loaded config from config.properties
2026-04-02 14:48:54.402 [snake.server.MainServer.main()] INFO  snake.util.Logger - Gateway process started on port 19000
2026-04-02 14:48:54.908 [snake.server.MainServer.main()] INFO  snake.util.Logger - MainServer listening on port 12345
2026-04-02 14:48:55.610 [Thread-2] INFO  snake.util.Logger - Loaded config from config.properties
2026-04-02 14:48:55.614 [Thread-2] INFO  snake.util.Logger - Gateway admin server listening on port 19004
2026-04-02 14:48:55.614 [Thread-3] INFO  snake.util.Logger - Gateway query server listening on port 19003
2026-04-02 14:48:55.615 [snake.gateway.Gateway.main()] INFO  snake.util.Logger - Gateway listening on port 19000
2026-04-02 14:49:02.711 [gateway-worker-98] INFO  snake.util.Logger - [Gateway] Client identified: wmh
2026-04-02 14:49:09.614 [gateway-worker-100] INFO  snake.util.Logger - Room 1 created.
2026-04-02 14:49:09.615 [pool-1-thread-1] INFO  snake.util.Logger - Room 1 started.
2026-04-02 14:49:09.622 [pool-1-thread-1] INFO  snake.util.Logger - Player wmh joined room 1
2026-04-02 14:49:09.863 [Thread-3] INFO  snake.util.Logger - Loaded config from config.properties
2026-04-02 14:49:13.648 [pool-1-thread-1] INFO  snake.util.Logger - Player wmh joined room 1
2026-04-02 14:49:36.072 [pool-1-thread-1] INFO  snake.util.Logger - Player wmh joined room 1
2026-04-02 14:50:08.519 [pool-1-thread-1] INFO  snake.util.Logger - Room 1 idle timeout, stopping.
2026-04-02 14:50:08.519 [pool-1-thread-1] INFO  snake.util.Logger - Room 1 destroyed.
2026-04-02 14:50:08.519 [pool-1-thread-1] INFO  snake.util.Logger - Room 1 removed from manager.
2026-04-02 14:51:40.596 [snake.server.MainServer.main()] INFO  snake.util.Logger - Loaded config from config.properties
2026-04-02 14:51:40.603 [snake.server.MainServer.main()] INFO  snake.util.Logger - Gateway process started on port 19000
2026-04-02 14:51:41.107 [snake.server.MainServer.main()] INFO  snake.util.Logger - MainServer listening on port 12345
2026-04-02 14:51:41.760 [Thread-2] INFO  snake.util.Logger - Loaded config from config.properties
2026-04-02 14:51:41.764 [Thread-2] INFO  snake.util.Logger - Gateway admin server listening on port 19004
2026-04-02 14:51:41.764 [Thread-3] INFO  snake.util.Logger - Gateway query server listening on port 19003
2026-04-02 14:51:41.765 [snake.gateway.Gateway.main()] INFO  snake.util.Logger - Gateway listening on port 19000
2026-04-02 14:51:44.938 [gateway-worker-98] INFO  snake.util.Logger - [Gateway] Client identified: wmh
2026-04-02 14:51:48.199 [pool-1-thread-1] INFO  snake.util.Logger - Room 1 started.
2026-04-02 14:51:48.199 [gateway-worker-100] INFO  snake.util.Logger - Room 1 created.
2026-04-02 14:51:48.206 [pool-1-thread-1] INFO  snake.util.Logger - Player wmh joined room 1
2026-04-02 14:51:48.433 [Thread-3] INFO  snake.util.Logger - Loaded config from config.properties
2026-04-02 14:51:56.500 [pool-1-thread-1] INFO  snake.util.Logger - Player wmh joined room 1
2026-04-02 14:52:02.069 [pool-1-thread-1] INFO  snake.util.Logger - Player wmh joined room 1
2026-04-02 14:52:27.066 [pool-1-thread-1] INFO  snake.util.Logger - Room 1 idle timeout, stopping.
2026-04-02 14:52:27.066 [pool-1-thread-1] INFO  snake.util.Logger - Room 1 destroyed.
2026-04-02 14:52:27.066 [pool-1-thread-1] INFO  snake.util.Logger - Room 1 removed from manager.
2026-04-02 14:57:00.930 [snake.server.MainServer.main()] INFO  snake.util.Logger - Loaded config from config.properties
2026-04-02 14:57:00.938 [snake.server.MainServer.main()] INFO  snake.util.Logger - Gateway process started on port 19000
2026-04-02 14:57:01.445 [snake.server.MainServer.main()] INFO  snake.util.Logger - MainServer listening on port 12345
2026-04-02 14:57:02.128 [Thread-2] INFO  snake.util.Logger - Loaded config from config.properties
2026-04-02 14:57:02.133 [Thread-2] INFO  snake.util.Logger - Gateway admin server listening on port 19004
2026-04-02 14:57:02.133 [Thread-3] INFO  snake.util.Logger - Gateway query server listening on port 19003
2026-04-02 14:57:02.134 [snake.gateway.Gateway.main()] INFO  snake.util.Logger - Gateway listening on port 19000
2026-04-02 14:57:11.177 [gateway-worker-98] INFO  snake.util.Logger - [Gateway] Client identified: wmh
2026-04-02 14:57:15.506 [gateway-worker-100] INFO  snake.util.Logger - Room 1 created.
2026-04-02 14:57:15.506 [pool-1-thread-1] INFO  snake.util.Logger - Room 1 started.
2026-04-02 14:57:15.514 [pool-1-thread-1] INFO  snake.util.Logger - Player wmh joined room 1
2026-04-02 14:57:15.743 [Thread-3] INFO  snake.util.Logger - Loaded config from config.properties
2026-04-02 14:57:17.772 [pool-1-thread-1] INFO  snake.util.Logger - Player wmh joined room 1
2026-04-02 14:57:55.579 [pool-1-thread-1] INFO  snake.util.Logger - Room 1 idle timeout, stopping.
2026-04-02 14:57:55.579 [pool-1-thread-1] INFO  snake.util.Logger - Room 1 destroyed.
2026-04-02 14:57:55.579 [pool-1-thread-1] INFO  snake.util.Logger - Room 1 removed from manager.
2026-04-02 15:08:57.662 [snake.server.MainServer.main()] INFO  snake.util.Logger - Loaded config from config.properties
2026-04-02 15:08:57.670 [snake.server.MainServer.main()] INFO  snake.util.Logger - Gateway process started on port 19000
2026-04-02 15:08:58.176 [snake.server.MainServer.main()] INFO  snake.util.Logger - MainServer listening on port 12345
2026-04-02 15:08:58.884 [Thread-2] INFO  snake.util.Logger - Loaded config from config.properties
2026-04-02 15:08:58.888 [Thread-2] INFO  snake.util.Logger - Gateway admin server listening on port 19004
2026-04-02 15:08:58.888 [Thread-3] INFO  snake.util.Logger - Gateway query server listening on port 19003
2026-04-02 15:08:58.890 [snake.gateway.Gateway.main()] INFO  snake.util.Logger - Gateway listening on port 19000
2026-04-02 15:09:08.722 [gateway-worker-99] INFO  snake.util.Logger - [Gateway] Client identified: wmh
2026-04-02 15:09:13.382 [gateway-worker-101] INFO  snake.util.Logger - Room 1 created.
2026-04-02 15:09:13.383 [pool-3-thread-1] INFO  snake.util.Logger - Room 1 started.
2026-04-02 15:09:13.391 [pool-3-thread-1] INFO  snake.util.Logger - Player wmh joined room 1
2026-04-02 15:09:13.653 [Thread-3] INFO  snake.util.Logger - Loaded config from config.properties
2026-04-02 15:09:23.981 [pool-3-thread-1] INFO  snake.util.Logger - Player wmh joined room 1
2026-04-02 15:09:30.407 [pool-3-thread-1] INFO  snake.util.Logger - Player wmh joined room 1
2026-04-02 15:09:32.774 [pool-3-thread-1] INFO  snake.util.Logger - Player wmh left room 1
2026-04-02 15:09:32.823 [pool-3-thread-1] INFO  snake.util.Logger - Player wmh left room 1
2026-04-02 15:10:02.665 [pool-3-thread-1] INFO  snake.util.Logger - Room 1 idle timeout, stopping.
2026-04-02 15:10:02.665 [pool-3-thread-1] INFO  snake.util.Logger - Room 1 destroyed.
2026-04-02 15:10:02.665 [pool-3-thread-1] INFO  snake.util.Logger - Room 1 removed from manager.
2026-04-02 15:13:48.244 [snake.server.MainServer.main()] INFO  snake.util.Logger - Loaded config from config.properties
2026-04-02 15:13:48.253 [snake.server.MainServer.main()] INFO  snake.util.Logger - Gateway process started on port 19000
2026-04-02 15:13:48.759 [snake.server.MainServer.main()] INFO  snake.util.Logger - MainServer listening on port 12345
2026-04-02 15:13:49.413 [Thread-2] INFO  snake.util.Logger - Loaded config from config.properties
2026-04-02 15:13:49.417 [Thread-2] INFO  snake.util.Logger - Gateway admin server listening on port 19004
2026-04-02 15:13:49.417 [Thread-3] INFO  snake.util.Logger - Gateway query server listening on port 19003
2026-04-02 15:13:49.419 [snake.gateway.Gateway.main()] INFO  snake.util.Logger - Gateway listening on port 19000
2026-04-02 15:13:59.762 [gateway-worker-99] INFO  snake.util.Logger - [Gateway] Client identified: wmh
2026-04-02 15:14:03.044 [gateway-worker-101] INFO  snake.util.Logger - Room 2 created.
2026-04-02 15:14:03.045 [pool-3-thread-1] INFO  snake.util.Logger - Room 2 started.
2026-04-02 15:14:03.052 [pool-3-thread-1] INFO  snake.util.Logger - Player wmh joined room 2
2026-04-02 15:14:03.288 [Thread-3] INFO  snake.util.Logger - Loaded config from config.properties
2026-04-02 15:14:08.001 [pool-3-thread-1] INFO  snake.util.Logger - Player wmh joined room 2
2026-04-02 15:14:22.498 [pool-3-thread-1] INFO  snake.util.Logger - Player wmh joined room 2
2026-04-02 15:14:55.331 [pool-3-thread-1] INFO  snake.util.Logger - Room 2 idle timeout, stopping.
2026-04-02 15:14:55.332 [pool-3-thread-1] INFO  snake.util.Logger - Room 2 destroyed.
2026-04-02 15:14:55.332 [pool-3-thread-1] INFO  snake.util.Logger - Room 2 removed from manager.
